struct dispatchContext size=736 align=8
  vm                                       offset=0     size=8
  codeBase                                 offset=8     size=8
  codeLength                               offset=16    size=8
  programCounter                           offset=24    size=8
  intsBase                                 offset=32    size=8
  intsLength                               offset=40    size=8
  floatsBase                               offset=48    size=8
  floatsLength                             offset=56    size=8
  intConstantsBase                         offset=64    size=8
  intConstantsLength                       offset=72    size=8
  floatConstantsBase                       offset=80    size=8
  floatConstantsLength                     offset=88    size=8
  jumpTable                                offset=96    size=8
  exitReason                               offset=104   size=8
  exitProgramCounter                       offset=112   size=8
  asmCallInfoBase                          offset=120   size=8
  callStackBase                            offset=128   size=8
  callStackLength                          offset=136   size=8
  framePointer                             offset=144   size=8
  baseFramePointer                         offset=152   size=8
  callDepthLimit                           offset=160   size=8
  arenaIntSlab                             offset=168   size=8
  arenaIntCapacity                         offset=176   size=8
  arenaIntIndex                            offset=184   size=8
  arenaFloatSlab                           offset=192   size=8
  arenaFloatCapacity                       offset=200   size=8
  arenaFloatIndex                          offset=208   size=8
  arenaStringIndex                         offset=216   size=8
  arenaGeneralIndex                        offset=224   size=8
  arenaBoolIndex                           offset=232   size=8
  arenaUintIndex                           offset=240   size=8
  arenaComplexIndex                        offset=248   size=8
  deferStackLength                         offset=256   size=8
  asmCallInfoBasesPointer                  offset=264   size=8
  dispatchSavesPointer                     offset=272   size=8
  stringsBase                              offset=280   size=8
  uintsBase                                offset=288   size=8
  generalsBase                             offset=296   size=8
  boolsBase                                offset=304   size=8
  arenaStringSlab                          offset=312   size=8
  arenaStringCapacity                      offset=320   size=8
  arenaBoolSlab                            offset=328   size=8
  arenaBoolCapacity                        offset=336   size=8
  arenaUintSlab                            offset=344   size=8
  arenaUintCapacity                        offset=352   size=8
  slicesIntBase                            offset=360   size=8
  slicesFloatBase                          offset=368   size=8
  slicesStringBase                         offset=376   size=8
  slicesBoolBase                           offset=384   size=8
  slicesUintBase                           offset=392   size=8
  complexBase                              offset=400   size=8
  stringConstantsBase                      offset=408   size=8
  stringConstantsLength                    offset=416   size=8
  boolConstantsBase                        offset=424   size=8
  boolConstantsLength                      offset=432   size=8
  uintConstantsBase                        offset=440   size=8
  uintConstantsLength                      offset=448   size=8
  savedPC                                  offset=456   size=8
  handlerResult                            offset=464   size=1
  arenaBanksDirty                          offset=465   size=1
  structLayoutTableBase                    offset=472   size=8
  structLayoutTableLength                  offset=480   size=8
  typeTableBase                            offset=488   size=8
  typeTableLength                          offset=496   size=8
  slicesByteBase                           offset=504   size=8
  arenaGeneralSlab                         offset=512   size=8
  arenaGeneralSlabCap                      offset=520   size=8
  arenaSliceByteSlab                       offset=528   size=8
  arenaSliceByteCapacity                   offset=536   size=8
  arenaSliceByteIndex                      offset=544   size=8
  arenaSliceIntIndex                       offset=552   size=8
  arenaSliceFloatIndex                     offset=560   size=8
  arenaSliceStringIndex                    offset=568   size=8
  arenaSliceBoolIndex                      offset=576   size=8
  arenaSliceUintIndex                      offset=584   size=8
  pollBudget                               offset=592   size=8
  currentFrame                             offset=600   size=8
  hasGoroutinesFlag                        offset=608   size=1
  callInfoBasesRootMatch                   offset=609   size=1
  arenaSlabGenerationSeen                  offset=616   size=8
  callInfoBasesByFunction                  offset=624   size=8
  returnBankCursors                        offset=632   size=64
  returnIndex                              offset=696   size=8
  returnCount                              offset=704   size=8
  arenaGenericBytesSlabHeader              offset=712   size=8
  arenaGenericBytesIndexPointer            offset=720   size=8
  arenaGenericBytesCharged                 offset=728   size=8

struct CallFrame size=536 align=8
  Function                                 offset=0     size=8
  sharedCells                              offset=8     size=8
  simpleDefer                              offset=16    size=8
  Registers                                offset=24    size=320
  upvalues                                 offset=344   size=24
  returnDestination                        offset=368   size=24
  arenaSave                                offset=392   size=120
  ProgramCounter                           offset=512   size=8
  deferBase                                offset=520   size=8
  hasGeneralAlloc                          offset=528   size=1
  rootSwapped                              offset=529   size=1

struct AsmCallInfo size=1024 align=8
  calleeFunction                           offset=0     size=8
  calleeBody                               offset=8     size=8
  calleeBodyLength                         offset=16    size=8
  calleeIntConstants                       offset=24    size=8
  calleeFloatConstants                     offset=32    size=8
  calleeIntCount                           offset=40    size=8
  calleeFloatCount                         offset=48    size=8
  intArgumentCount                         offset=56    size=8
  intArgumentSources                       offset=64    size=64
  floatArgumentCount                       offset=128   size=8
  floatArgumentSources                     offset=136   size=64
  ReturnCount                              offset=200   size=8
  returnDestinationKind                    offset=208   size=8
  returnDestinationRegister                offset=216   size=8
  returnDestinationPointer                 offset=224   size=8
  returnDestinationLen                     offset=232   size=8
  calleeCallInfo                           offset=240   size=8
  isFastPath                               offset=248   size=8
  calleeStringCount                        offset=256   size=8
  calleeBoolCount                          offset=264   size=8
  calleeUintCount                          offset=272   size=8
  stringArgumentCount                      offset=280   size=8
  stringArgumentSources                    offset=288   size=64
  boolArgumentCount                        offset=352   size=8
  boolArgumentSources                      offset=360   size=64
  uintArgumentCount                        offset=424   size=8
  uintArgumentSources                      offset=432   size=64
  calleeStringConstants                    offset=496   size=8
  calleeBoolConstants                      offset=504   size=8
  calleeUintConstants                      offset=512   size=8
  calleeGeneralCount                       offset=520   size=8
  generalArgumentCount                     offset=528   size=8
  generalArgumentSources                   offset=536   size=64
  calleeSliceByteCount                     offset=600   size=8
  sliceByteArgumentCount                   offset=608   size=8
  sliceByteArgumentSources                 offset=616   size=64
  closurePointer                           offset=680   size=8
  closureValueRegister                     offset=688   size=8
  closureUpvaluesPtr                       offset=696   size=8
  closureUpvaluesLen                       offset=704   size=8
  closureUpvaluesCap                       offset=712   size=8
  receiverValueRegister                    offset=720   size=8
  methodEntryCount                         offset=728   size=8
  methodTypeWords                          offset=736   size=64
  methodEntriesPtr                         offset=800   size=8
  calleeFunctionIndex                      offset=808   size=8
  _padding                                 offset=816   size=208

struct VarLocation size=40 align=8
  SourceType                               offset=0     size=16
  UpvalueIndex                             offset=16    size=8
  SpillSlot                                offset=24    size=2
  Register                                 offset=26    size=1
  Kind                                     offset=27    size=1
  IsUpvalue                                offset=28    size=1
  IsIndirect                               offset=29    size=1
  OriginalKind                             offset=30    size=1
  IsCaptured                               offset=31    size=1
  IsSpilled                                offset=32    size=1

ProvideDispatchContextOffsets
  CodeBase                                 = 8
  CodeLength                               = 16
  ProgramCounter                           = 24
  IntsBase                                 = 32
  IntsLength                               = 40
  FloatsBase                               = 48
  FloatsLength                             = 56
  IntConstantsBase                         = 64
  IntConstantsLength                       = 72
  FloatConstantsBase                       = 80
  FloatConstantsLength                     = 88
  JumpTable                                = 96
  ExitReason                               = 104
  ExitProgramCounter                       = 112
  AsmCallInfoBase                          = 120
  CallStackBase                            = 128
  CallStackLength                          = 136
  FramePointer                             = 144
  BaseFramePointer                         = 152
  CallDepthLimit                           = 160
  ArenaIntSlab                             = 168
  ArenaIntCapacity                         = 176
  ArenaIntIndex                            = 184
  ArenaFloatSlab                           = 192
  ArenaFloatCapacity                       = 200
  ArenaFloatIndex                          = 208
  ArenaStringIndex                         = 216
  ArenaGeneralIndex                        = 224
  ArenaBoolIndex                           = 232
  ArenaUintIndex                           = 240
  ArenaComplexIndex                        = 248
  DeferStackLength                         = 256
  HasGoroutinesFlag                        = 608
  CallInfoBasesRootMatch                   = 609
  CallInfoBasesByFunction                  = 624
  ReturnBankCursors                        = 632
  ReturnIndex                              = 696
  ReturnCount                              = 704
  ArenaGenericBytesSlabHeader              = 712
  ArenaGenericBytesIndexPointer            = 720
  ArenaGenericBytesCharged                 = 728
  CurrentFrame                             = 600
  PollBudget                               = 592
  AsmCallInfoBasesPtr                      = 264
  DispatchSavesPtr                         = 272
  StringsBase                              = 280
  UintsBase                                = 288
  BoolsBase                                = 304
  GeneralsBase                             = 296
  ArenaStringSlab                          = 312
  ArenaStringCapacity                      = 320
  ArenaBoolSlab                            = 328
  ArenaBoolCapacity                        = 336
  ArenaUintSlab                            = 344
  ArenaUintCapacity                        = 352
  SlicesIntBase                            = 360
  SlicesFloatBase                          = 368
  SlicesStringBase                         = 376
  SlicesBoolBase                           = 384
  SlicesUintBase                           = 392
  ComplexBase                              = 400
  StringConstantsBase                      = 408
  StringConstantsLength                    = 416
  BoolConstantsBase                        = 424
  UintConstantsBase                        = 440
  UintConstantsLength                      = 448
  BoolConstantsLength                      = 432
  SavedPC                                  = 456
  HandlerResult                            = 464
  ArenaBanksDirty                          = 465
  StructLayoutTableBase                    = 472
  StructLayoutTableLength                  = 480
  TypeTableBase                            = 488
  TypeTableLength                          = 496
  SlicesByteBase                           = 504
  ArenaGeneralSlab                         = 512
  ArenaGeneralSlabCap                      = 520
  ArenaSliceByteSlab                       = 528
  ArenaSliceByteCapacity                   = 536
  ArenaSliceByteIndex                      = 544
  ArenaSliceIntIndex                       = 552
  ArenaSliceFloatIndex                     = 560
  ArenaSliceStringIndex                    = 568
  ArenaSliceBoolIndex                      = 576
  ArenaSliceUintIndex                      = 584

ProvideCallFrameOffsets
  Size                                     = 536
  RegsIntsPtr                              = 24
  RegsIntsLen                              = 32
  RegsIntsCap                              = 40
  RegsFloatsPtr                            = 48
  RegsFloatsLen                            = 56
  RegsFloatsCap                            = 64
  RegsStringsPtr                           = 72
  RegsStringsLen                           = 80
  RegsStringsCap                           = 88
  RegsGeneralPtr                           = 96
  RegsGeneralLen                           = 104
  RegsGeneralCap                           = 112
  RegsBoolsPtr                             = 120
  RegsBoolsLen                             = 128
  RegsBoolsCap                             = 136
  RegsUintsPtr                             = 144
  RegsUintsLen                             = 152
  RegsUintsCap                             = 160
  RegsComplexPtr                           = 168
  RegsComplexLen                           = 176
  RegsComplexCap                           = 184
  RegsSlicesIntPtr                         = 192
  RegsSlicesIntLen                         = 200
  RegsSlicesIntCap                         = 208
  RegsSlicesFloatPtr                       = 216
  RegsSlicesFloatLen                       = 224
  RegsSlicesFloatCap                       = 232
  RegsSlicesStringPtr                      = 240
  RegsSlicesStringLen                      = 248
  RegsSlicesStringCap                      = 256
  RegsSlicesBoolPtr                        = 264
  RegsSlicesBoolLen                        = 272
  RegsSlicesBoolCap                        = 280
  RegsSlicesUintPtr                        = 288
  RegsSlicesUintLen                        = 296
  RegsSlicesUintCap                        = 304
  RegsSliceBytePtr                         = 312
  RegsSliceByteLen                         = 320
  RegsSliceByteCap                         = 328
  RegsLastAllocMask                        = 336
  Function                                 = 0
  FunctionStructLayoutTable                = 920
  FunctionStructLayoutTableLen             = 928
  FunctionTypeTable                        = 488
  FunctionResultKinds                      = 344
  FunctionResultKindsLen                   = 352
  FunctionStructLiteralTableBase           = 1200
  FunctionStructLiteralTableLen            = 1208
  StructLiteralEntrySize                   = 32
  StructLiteralEntryTypeWord               = 0
  StructLiteralEntryBytes                  = 8
  StructLiteralEntryAlignMask              = 16
  StructLiteralEntryFlag                   = 24
  FunctionTypeTableLen                     = 496
  SharedCells                              = 8
  Upvalues                                 = 344
  ReturnDestPtr                            = 368
  ReturnDestLen                            = 376
  ReturnDestCap                            = 384
  ProgramCounter                           = 512
  DeferBase                                = 520
  SimpleDefer                              = 16
  SimpleDeferActive                        = 56
  ArenaSave                                = 392
  ArenaSaveGeneralIndex                    = 416
  HasGeneralAlloc                          = 528
  RootSwapped                              = 529

ProvideASMCallInfoOffsets
  CalleeFunction                           = 0
  ClosurePointer                           = 680
  ClosureValueRegister                     = 688
  ClosureUpvaluesPtr                       = 696
  ClosureUpvaluesLen                       = 704
  ClosureUpvaluesCap                       = 712
  CalleeBody                               = 8
  CalleeBodyLen                            = 16
  CalleeIntConsts                          = 24
  CalleeFltConsts                          = 32
  CalleeNumInts                            = 40
  CalleeNumFloats                          = 48
  NumIntArgs                               = 56
  IntArgSrcs                               = 64
  NumFloatArgs                             = 128
  FloatArgSrcs                             = 136
  NumReturns                               = 200
  RetDestKind                              = 208
  RetDestReg                               = 216
  RetDestPtr                               = 224
  RetDestLen                               = 232
  CalleeCallInfo                           = 240
  IsFastPath                               = 248
  CalleeNumStrings                         = 256
  CalleeNumBools                           = 264
  CalleeNumUints                           = 272
  NumStringArgs                            = 280
  StringArgSrcs                            = 288
  NumBoolArgs                              = 352
  BoolArgSrcs                              = 360
  NumUintArgs                              = 424
  UintArgSrcs                              = 432
  CalleeUintConsts                         = 512
  CalleeStrConsts                          = 496
  CalleeBoolConsts                         = 504
  CalleeNumGeneral                         = 520
  NumGeneralArgs                           = 528
  GeneralArgSrcs                           = 536
  CalleeNumSliceByte                       = 600
  NumSliceByteArgs                         = 608
  SliceByteArgSrcs                         = 616
  ReceiverValueRegister                    = 720
  MethodEntryCount                         = 728
  MethodTypeWords                          = 736
  MethodEntriesPtr                         = 800
  CalleeFunctionIndex                      = 808
  SizeShift                                = 10

ProvideVarLocationOffsets
  UpvalueIndex                             = 16
  Register                                 = 26
  Kind                                     = 27
  IsUpvalue                                = 28
  Size                                     = 40

